[17:22:53.481] [INFO] Storybook Upgrade - v9.1.13
[17:22:53.615] [INFO] detect-projects-spinner-start: Detecting projects...
[17:22:53.619] [DEBUG] Finding Storybook projects...
[17:22:53.718] [DEBUG] Found 1 Storybook projects
[17:22:53.719] [INFO] detect-projects-spinner: Detecting projects: 1 projects
[17:22:53.720] [DEBUG] Getting Storybook data...
[17:22:53.720] [DEBUG] Getting Storybook info...
[17:22:53.722] [DEBUG] Loading main config...
[17:22:54.703] [DEBUG] Getting stories paths...
[17:22:54.811] [DEBUG] Getting package manager...
[17:22:55.299] [DEBUG] Getting Storybook version...
[17:22:55.300] [DEBUG] C:/Users/arthu/tests-nextjs-vitest-playwright/.storybook - Validating before version... 9.1.13
[17:22:55.300] [DEBUG] C:/Users/arthu/tests-nextjs-vitest-playwright/.storybook - Validating upgrade compatibility...
[17:22:55.300] [DEBUG] C:/Users/arthu/tests-nextjs-vitest-playwright/.storybook - Fetching NPM version information...
[17:22:55.300] [DEBUG] Getting CLI versions from NPM for storybook...
[17:22:55.315] [DEBUG] Getting CLI versions from NPM for storybook@next...
[17:22:58.271] [DEBUG] C:/Users/arthu/tests-nextjs-vitest-playwright/.storybook - Evaluating blockers...
[17:22:58.277] [DEBUG] Getting installed version for @storybook/experimental-addon-test...
[17:23:00.888] [DEBUG] An issue occurred while trying to find dependencies metadata using npm.
[17:23:00.888] [INFO] detect-projects-spinner-stop: 1 project detected
[17:23:00.890] [DEBUG] Found 1 valid projects and 0 error projects
[17:23:00.890] [INFO] Upgrading from 9.1.13 to 9.1.13
[17:23:01.001] [INFO] upgrade-dependencies-task-start: Fetching versions to update package.json files..
[17:23:01.001] [DEBUG] Updating dependencies in C:/Users/arthu/tests-nextjs-vitest-playwright/.storybook...
[17:23:01.100] [INFO] upgrade-dependencies-task: \package.json
[17:23:01.103] [DEBUG] {
  "upgradedDependencies": []
}
[17:23:01.103] [DEBUG] {
  "upgradedDevDependencies": [
    "@storybook/nextjs@^9.1.13",
    "@storybook/react@^9.1.13",
    "storybook@^9.1.13"
  ]
}
[17:23:01.103] [DEBUG] {
  "upgradedPeerDependencies": []
}
[17:23:01.107] [DEBUG] Getting CLI versions from NPM for @storybook/nextjs...
[17:23:04.037] [DEBUG] Getting CLI versions from NPM for @storybook/react...
[17:23:05.385] [DEBUG] Using cached version for storybook...
[17:23:05.407] [INFO] upgrade-dependencies-task-success: Updated package versions in package.json files
[17:23:05.410] [INFO] detect-automigrations-task-start: Detecting automigrations...
[17:23:05.411] [DEBUG] Starting automigration collection across 1 projects and 16 fixes...
[17:23:05.573] [INFO] detect-automigrations-task: Checking automigrations for
C:/Users/arthu/tests-nextjs-vitest-playwright/.storybook...
[17:23:05.574] [DEBUG] Processing project: C:/Users/arthu/tests-nextjs-vitest-playwright/.storybook
[17:23:05.574] [DEBUG] Checking fix eslintPlugin for project C:/Users/arthu/tests-nextjs-vitest-playwright/.storybook...
[17:23:05.588] [DEBUG] Checking fix addon-mdx-gfm-remove for project C:/Users/arthu/tests-nextjs-vitest-playwright/.storybook...
[17:23:05.590] [DEBUG] Checking fix addon-storysource-code-panel for project C:/Users/arthu/tests-nextjs-vitest-playwright/.storybook...
[17:23:05.591] [DEBUG] Checking fix upgrade-storybook-related-dependencies for project C:/Users/arthu/tests-nextjs-vitest-playwright/.storybook...
[17:23:05.591] [DEBUG] Checking for incompatible storybook packages...
[17:23:05.594] [DEBUG] Getting installed version for @storybook/addon-essentials...
[17:23:07.809] [DEBUG] An issue occurred while trying to find dependencies metadata using npm.
[17:23:07.810] [DEBUG] Getting CLI versions from NPM for @storybook/addon-essentials...
[17:23:09.168] [DEBUG] Checking fix initial-globals for project C:/Users/arthu/tests-nextjs-vitest-playwright/.storybook...
[17:23:09.210] [DEBUG] Checking fix addon-globals-api for project C:/Users/arthu/tests-nextjs-vitest-playwright/.storybook...
[17:23:09.218] [DEBUG] Checking fix addon-a11y-addon-test for project C:/Users/arthu/tests-nextjs-vitest-playwright/.storybook...
[17:23:09.219] [DEBUG] Checking fix consolidated-imports for project C:/Users/arthu/tests-nextjs-vitest-playwright/.storybook...
[17:23:09.222] [DEBUG] Checking fix addon-experimental-test for project C:/Users/arthu/tests-nextjs-vitest-playwright/.storybook...
[17:23:09.222] [DEBUG] Using cached installed version for @storybook/experimental-addon-test...
[17:23:09.222] [DEBUG] Checking fix rnstorybook-config for project C:/Users/arthu/tests-nextjs-vitest-playwright/.storybook...
[17:23:09.222] [DEBUG] Checking fix remove-addon-interactions for project C:/Users/arthu/tests-nextjs-vitest-playwright/.storybook...
[17:23:09.223] [DEBUG] Checking fix renderer-to-framework for project C:/Users/arthu/tests-nextjs-vitest-playwright/.storybook...
[17:23:09.224] [DEBUG] Checking fix remove-essential-addons for project C:/Users/arthu/tests-nextjs-vitest-playwright/.storybook...
[17:23:09.224] [DEBUG] Checking fix addon-a11y-parameters for project C:/Users/arthu/tests-nextjs-vitest-playwright/.storybook...
[17:23:09.224] [DEBUG] Checking fix remove-docs-autodocs for project C:/Users/arthu/tests-nextjs-vitest-playwright/.storybook...
[17:23:09.228] [DEBUG] Checking fix wrap-require for project C:/Users/arthu/tests-nextjs-vitest-playwright/.storybook...
[17:23:09.306] [INFO] detect-automigrations-task: 
Automigrations detected:
[17:23:09.405] [INFO] detect-automigrations-task: ✔ eslintPlugin
[17:23:09.510] [INFO] detect-automigrations-task: ✔ addon-globals-api
[17:23:09.617] [INFO] detect-automigrations-task: ✔ renderer-to-framework
[17:23:09.618] [INFO] detect-automigrations-task-success: 3 automigration(s) detected
[17:24:01.729] [PROMPT] Select automigrations to run {"choice":["eslintPlugin","addon-globals-api","renderer-to-framework"]}
[17:24:01.731] [INFO] automigrate-C:/Users/arthu/tests-nextjs-vitest-playwright/.storybook-task-start: Running automigrations for C:/Users/arthu/tests-nextjs-vitest-playwright/.storybook
[17:24:01.731] [DEBUG] Adding dependencies: eslint-plugin-storybook@9.1.13
[17:24:01.732] [DEBUG] Getting CLI versions from NPM for eslint-plugin-storybook...
[17:24:02.987] [DEBUG] Detected flat config at C:\Users\arthu\tests-nextjs-vitest-playwright\eslint.config.mjs
[17:24:03.188] [INFO] automigrate-C:/Users/arthu/tests-nextjs-vitest-playwright/.storybook-task: ✔ eslintPlugin
[17:24:03.331] [INFO] automigrate-C:/Users/arthu/tests-nextjs-vitest-playwright/.storybook-task: ✔ addon-globals-api
[17:24:03.334] [DEBUG] 
Migrating @storybook/react to @storybook/nextjs
[17:24:03.348] [DEBUG] Updating package.json files...
[17:24:03.467] [INFO] automigrate-C:/Users/arthu/tests-nextjs-vitest-playwright/.storybook-task: ✔ renderer-to-framework
[17:24:03.468] [INFO] automigrate-C:/Users/arthu/tests-nextjs-vitest-playwright/.storybook-task-success: Completed automigrations for C:/Users/arthu/tests-nextjs-vitest-playwright/.storybook
[17:24:03.470] [INFO] Installing dependencies...
[17:24:03.471] [INFO] install-dependencies-task-start: Installing dependencies...
[17:27:37.590] [INFO] added 1162 packages, and audited 1163 packages in 4m
[17:27:37.708] [INFO] install-dependencies-task: added 1162 packages, and audited 1163 packages in 4m
[17:27:37.711] [INFO] 295 packages are looking for funding
  run `npm fund` for details

2 moderate severity vulnerabilities

To address all issues (including breaking changes), run:
  npm audit fix --force

Run `npm audit` for details.
[17:27:37.872] [INFO] install-dependencies-task: 295 packages are looking for funding
run `npm fund` for details

2 moderate severity vulnerabilities

To address all issues (including breaking changes), run:
npm audit fix --force

Run `npm audit` for details.
[17:27:37.876] [INFO] Dependencies installed
[17:27:37.876] [INFO] install-dependencies-task-success: Dependencies installed
[17:27:37.879] [INFO] Checking the health of your project(s)..
[17:27:42.954] [WARN] C:/Users/arthu/tests-nextjs-vitest-playwright/.storybook: 1 issue found
[17:27:43.089] [INFO] You are currently using Storybook 9.1.13 but you have packages which are incompatible with it:

- @storybook/addon-essentials@8.6.14 which depends on 8.6.14
 Repo: https://github.com/storybookjs/storybook/tree/next/code/addons/essentials

Please consider updating your packages or contacting the maintainers for compatibility details.

For more on Storybook 9 compatibility, see the linked GitHub issue:
https://github.com/storybookjs/storybook/issues/30944
[17:27:43.089] [INFO] Incompatible Packages
[17:27:43.209] [INFO] You are currently using Storybook 9.1.13 but you have packages which are incompatible with it:

- @storybook/addon-essentials@8.6.14 which depends on 8.6.14
 Repo: https://github.com/storybookjs/storybook/tree/next/code/addons/essentials

Please consider updating your packages or contacting the maintainers for compatibility details.

For more on Storybook 9 compatibility, see the linked GitHub issue:
https://github.com/storybookjs/storybook/issues/30944
[17:27:43.324] [INFO] Storybook doctor is complete!
[17:27:43.452] [INFO] You can always recheck the health of your project(s) by running:
npx storybook doctor
[17:27:43.592] [INFO] The upgrade is complete!
[17:27:43.770] [INFO] Your project(s) have been upgraded successfully, but some issues were found which need your attention, please check Storybook doctor logs above.
[17:27:44.233] [INFO] If you want to learn more about the automigrations that executed in your project(s), please check the following links:

• eslintPlugin
• addon-globals-api
• renderer-to-framework
[17:27:44.325] [INFO] For a full list of changes, please check our migration guide: https://storybook.js.org/docs/migration-guide?ref=upgrade
[17:27:44.444] [INFO] Attention: Storybook now collects completely anonymous telemetry regarding usage. This information is used to shape Storybook's roadmap and prioritize features.
[17:27:44.541] [INFO] You can learn more, including how to opt-out if you'd not like to participate in this anonymous program, by visiting the following URL:
[17:27:44.646] [INFO] https://storybook.js.org/telemetry
[17:27:44.744] [INFO] 